warning: profiles for the non root package will be ignored, specify profiles at the workspace root:
package:   /home/runner/work/Payment-Tracker-Pro/Payment-Tracker-Pro/contracts/payment_tracker/Cargo.toml
workspace: /home/runner/work/Payment-Tracker-Pro/Payment-Tracker-Pro/contracts/Cargo.toml
warning: profiles for the non root package will be ignored, specify profiles at the workspace root:
package:   /home/runner/work/Payment-Tracker-Pro/Payment-Tracker-Pro/contracts/fee_registry/Cargo.toml
workspace: /home/runner/work/Payment-Tracker-Pro/Payment-Tracker-Pro/contracts/Cargo.toml
   Compiling proc-macro2 v1.0.106
   Compiling quote v1.0.46
   Compiling unicode-ident v1.0.24
   Compiling version_check v0.9.5
   Compiling typenum v1.20.1
   Compiling serde_core v1.0.228
   Compiling cfg-if v1.0.4
   Compiling serde v1.0.228
   Compiling generic-array v0.14.9
   Compiling zmij v1.0.21
   Compiling syn v2.0.118
   Compiling serde_json v1.0.150
   Compiling memchr v2.8.2
   Compiling autocfg v1.5.1
   Compiling subtle v2.6.1
   Compiling itoa v1.0.18
   Compiling libc v0.2.186
   Compiling const-oid v0.9.6
   Compiling ident_case v1.0.1
   Compiling strsim v0.11.1
   Compiling semver v1.0.28
   Compiling num-traits v0.2.19
   Compiling zerocopy v0.8.52
   Compiling getrandom v0.2.17
   Compiling rand_core v0.6.4
   Compiling thiserror v1.0.69
   Compiling syn v1.0.109
   Compiling darling_core v0.23.0
   Compiling zeroize_derive v1.5.0
   Compiling zeroize v1.9.0
   Compiling serde_derive v1.0.228
   Compiling darling_macro v0.23.0
   Compiling darling v0.23.0
   Compiling serde_with_macros v3.21.0
   Compiling block-buffer v0.10.4
   Compiling crypto-common v0.1.6
   Compiling digest v0.10.7
   Compiling thiserror-impl v1.0.69
   Compiling rustc_version v0.4.1
   Compiling data-encoding v2.11.0
   Compiling paste v1.0.15
   Compiling ppv-lite86 v0.2.21
   Compiling escape-bytes v0.1.1
   Compiling cpufeatures v0.2.17
   Compiling rand_chacha v0.3.1
   Compiling serde_with v3.21.0
   Compiling num-integer v0.1.46
   Compiling rand v0.8.6
   Compiling crate-git-revision v0.0.6
   Compiling hex v0.4.3
   Compiling stellar-strkey v0.0.9
   Compiling stellar-xdr v22.1.0
   Compiling num-bigint v0.4.7
   Compiling der v0.7.10
   Compiling ff v0.13.1
   Compiling ahash v0.8.12
   Compiling base16ct v0.2.0
   Compiling equivalent v1.0.2
   Compiling either v1.16.0
   Compiling hashbrown v0.17.1
   Compiling itertools v0.10.5
   Compiling sec1 v0.7.3
   Compiling indexmap v2.14.0
   Compiling group v0.13.0
   Compiling ark-std v0.4.0
   Compiling ark-serialize-derive v0.4.2
   Compiling signature v2.2.0
   Compiling crypto-bigint v0.5.5
   Compiling libm v0.2.16
   Compiling once_cell v1.21.4
   Compiling base64 v0.13.1
   Compiling ark-serialize v0.4.2
   Compiling wasmparser v0.116.1
   Compiling elliptic-curve v0.13.8
   Compiling ark-ff-macros v0.4.2
   Compiling derivative v2.2.0
   Compiling ark-ff-asm v0.4.2
   Compiling hmac v0.12.1
   Compiling rfc6979 v0.4.0
   Compiling ark-ff v0.4.2
   Compiling hashbrown v0.13.2
   Compiling sha2 v0.10.9
   Compiling curve25519-dalek v4.1.3
   Compiling num-derive v0.4.2
   Compiling derive_arbitrary v1.3.2
   Compiling indexmap-nostd v0.4.0
   Compiling ethnum v1.5.3
   Compiling static_assertions v1.1.0
   Compiling downcast-rs v1.2.1
   Compiling wasmi_core v0.13.0
   Compiling wasmparser-nostd v0.100.2
   Compiling arbitrary v1.3.2
   Compiling ark-poly v0.4.2
   Compiling ecdsa v0.16.9
   Compiling soroban-env-common v22.1.3
   Compiling curve25519-dalek-derive v0.1.1
   Compiling smallvec v1.15.2
   Compiling wasmi_arena v0.4.1
   Compiling fnv v1.0.7
   Compiling prettyplease v0.2.37
   Compiling spin v0.9.8
   Compiling darling_core v0.20.11
   Compiling soroban-wasmi v0.31.1-soroban.20.0.1
   Compiling ark-ec v0.4.2
   Compiling primeorder v0.13.6
   Compiling ed25519 v2.2.3
   Compiling keccak v0.1.6
   Compiling soroban-env-host v22.1.3
   Compiling sha3 v0.10.9
   Compiling soroban-spec v22.0.11
   Compiling ed25519-dalek v2.2.0
   Compiling p256 v0.13.2
   Compiling ark-bls12-381 v0.4.0
   Compiling soroban-env-macros v22.1.3
   Compiling darling_macro v0.20.11
   Compiling k256 v0.13.4
   Compiling soroban-builtin-sdk-macros v22.1.3
   Compiling soroban-sdk-macros v22.0.11
   Compiling hex-literal v0.4.1
   Compiling soroban-spec-rust v22.0.11
   Compiling darling v0.20.11
   Compiling soroban-sdk v22.0.11
   Compiling bytes-lit v0.0.5
   Compiling ctor v0.2.9
   Compiling soroban-ledger-snapshot v22.0.11
   Compiling fee_registry v0.1.0 (/home/runner/work/Payment-Tracker-Pro/Payment-Tracker-Pro/contracts/fee_registry)
   Compiling payment_tracker v0.1.0 (/home/runner/work/Payment-Tracker-Pro/Payment-Tracker-Pro/contracts/payment_tracker)
warning: unused import: `Symbol`
 --> fee_registry/src/lib.rs:2:85
  |
2 | use soroban_sdk::{contract, contractimpl, contracttype, symbol_short, Address, Env, Symbol};
  |                                                                                     ^^^^^^
  |
  = note: `#[warn(unused_imports)]` (part of `#[warn(unused)]`) on by default

warning: unused imports: `Events` and `symbol_short`
 --> fee_registry/src/test.rs:4:45
  |
4 | use soroban_sdk::{testutils::{Address as _, Events}, Address, Env, symbol_short};
  |                                             ^^^^^^                 ^^^^^^^^^^^^

warning: `fee_registry` (lib) generated 1 warning (run `cargo fix --lib -p fee_registry` to apply 1 suggestion)
warning: unused imports: `Events` and `IntoVal`
 --> payment_tracker/src/test.rs:6:45
  |
6 | use soroban_sdk::{testutils::{Address as _, Events}, symbol_short, Address, Env, IntoVal};
  |                                             ^^^^^^                               ^^^^^^^
  |
  = note: `#[warn(unused_imports)]` (part of `#[warn(unused)]`) on by default

warning: `fee_registry` (lib test) generated 2 warnings (1 duplicate) (run `cargo fix --lib -p fee_registry --tests` to apply 1 suggestion)
warning: `payment_tracker` (lib test) generated 1 warning (run `cargo fix --lib -p payment_tracker --tests` to apply 1 suggestion)
    Finished `test` profile [unoptimized + debuginfo] target(s) in 58.54s
     Running unittests src/lib.rs (target/debug/deps/fee_registry-1f332604103972bf)

running 1 test
test test::test_log_fee ... ok

test result: ok. 1 passed; 0 failed; 0 ignored; 0 measured; 0 filtered out; finished in 0.01s

     Running unittests src/lib.rs (target/debug/deps/payment_tracker-a183755d1db82053)

running 1 test
test test::test_record_and_update_payment ... ok

test result: ok. 1 passed; 0 failed; 0 ignored; 0 measured; 0 filtered out; finished in 0.01s

   Doc-tests fee_registry

running 0 tests

test result: ok. 0 passed; 0 failed; 0 ignored; 0 measured; 0 filtered out; finished in 0.00s

   Doc-tests payment_tracker

running 0 tests

test result: ok. 0 passed; 0 failed; 0 ignored; 0 measured; 0 filtered out; finished in 0.00s

